[
  {
    "//": "Misspelled USA, Make, processing_location, odo - 0001",
      "nwVehicleId":"F4D8849D-9843-0001-AE3B-E4F43D7ED441",
      "originVehicleId":"392020001",
      "VIN":"2T1BU4EE6DC199965",
      "year":2013,
      "make":"Volvo",
      "model":"XC90",
      "series":"4DR SDN MAN CE",
      "bodyStyle":null,
      "trim":"other",
      "vehicleStatus":"Auction",
      "odometer": 78000,
      "odometerUnitOfMeasure":"KM",
      "interiorColor":"Gray",
      "exteriorColor":"Black",
      "autoGradeValue": "4.5",
      "vehicleGrade": "2",
      "gradeType": "autoGradeValue",
      "gradeValue": 4.5,
      "carGroupConfigName":"TCCI - Toyota off lease",
      "originCarGroupConfigId":"965",
      "nwSellerOrganizationId":"1B8D434E-0E3E-4693-9E0D-839E26A25C81",
      "originSellerOrganizationId":"386785",
      "sellerOrganizationName":"Toyota Financial Services",
      "assetType":"Car/Light Truck",
      "countryName":"United States",
      "cylinderType":" ",
      "displacement":1.8,
      "cylinders":"4",
      "doors":"0",
      "driveTrain":"FWD",
      "emissionsStandard":null,
      "engineName":"4 CYLINDER",
      "fuelType":"GAS",
      "headlightType":null,
      "inventoryType":"Off Lease",
      "roofColor":null,
      "sellerAuctionAccessId":"5999999",
      "sellerModelCode":null,
      "speeds":"5",
      "transmission": "other",
      "truck":null,
      "turbo":0,
      "origDriveTrain": "front wheel",
      "vehicleSize":null,
      "vehicleType":"Off Lease",
      "locationCity":"SAINT JOHN",
      "stateAbbreviation":"NB",
      "sellerVehicleCode":null,
      "listingCategory":null,
      "originTimestamp":1532110741000,
      "originCreatedBy":"ADAPPL",
      "originModifiedBy":null,
      "viewAccessGroupList":[332],
      "bidAccessGroupList":"332",
      "bestOfferAccessGroupList":null,
      "buyAccessGroupList":null,
      "isCarGroupRunlistEnabled":false,
      "windowStickerMessage":null,
      "isActive":true,
      "warrantyStartDate":null,
      "registrationProvince":"Quebec",
      "displayEmissionCompliance":false,
      "isAllowProcessingAuction":false,
      "odometerDigits":null,
      "titleStatus":null,
      "openRecall":null,
      "msrp":null,
    "processingLocation": "ADESA Indianapolis",
      "epaStickers":null,
      "systemUuid":"F7973AA6-F0B9-40D5-8A15-D4E7D04E7FCE",
      "systemOrigin":"classic",
      "systemWhenCreated":1532110747852,
      "systemTopic":"nw-inventory-develop",
      "systemTopicKey":"F4D8849D-9843-4723-AE3B-E4F43D7ED441",
      "systemEvent":"vehicle_added_inventory",
      "origMake":"Volv",
    "origExteriorColor": "BALTIC BLACK",
      "origInteriorColor":"GRAY",
      "origEngineName":"4 CYLINDERS 1.8",
      "origProcessingLocation": "ADESA Indianapoli",
      "bodyType":"SUV",
      "origModel": "XC90",
      "origOdometer": "78k",
      "origTrim": "I6 Sport",
      "origYear": 2013,
      "origTransmission": ""
   },
  {
    "//": "Canada, Year - 0002, Missing trim, Automatic Transmission",
    "year":2017,
    "turbo":0,
    "registrationProvince":"Nunavut",
    "listingCategory":"Standard",
    "nwVehicleId":"0258F390-1E41-421A-0002-C4DAD6FBC557",
    "isActive":false,
    "carGroupConfigName":"ISC-Ford Closed - 7 Day",
    "warrantyStartDate":0,
    "transmission":"Automatic",
    "vin":"1KXEN6STQ5TP3I9",
    "autoGradeValue": null,
    "vehicleGrade": null,
    "trim": "Base",
    "origTrim": "",
    "bodyStyle": "T-350 148\" LOW ROOF",
    "bodyType": "other",
    "model":"other",
    "displacement":3.5,
    "systemTopicKey":"0258F390-1E41-421A-84DD-C4DAD6FBC557",
    "speeds":"0",
    "vehicleType":"Off Lease/Repo",
    "isLiveblock":false,
    "processingLocation":"ADESA Calgary",
    "inventoryType":"Off Lease/Repo",
    "systemTopic":"nw-inventory-develop",
    "titleStatus":"Received",
    "odometer":26508,
    "originTimestamp":1534857512307,
    "sellerAuctionAccessId":"5999999",
    "isDealerblock":false,
    "cylinders":"6",
    "assetType":"Car/Light Truck",
    "doors":"3",
    "originModifiedBy":"System",
    "systemEvent":"vehicle_added_inventory",
    "gradeType": "",
    "gradeValue": null,
    "countryName":"Canada",
    "originCarGroupConfigId":"1046",
    "engineName":"6 CYLINDER",
    "sellerModelCode":"X2Y",
    "locationCity":"AIRDRIE",
    "vehicleStatus":"No Sale",
    "systemOrigin":"classic",
    "isAllowProcessingAuction":true,
    "isRunlist":false,
    "displayEmissionCompliance":false,
    "originSellerOrganizationId":"386784",
    "truck":"null",
    "originVehicleId":"188241184810002",
    "nwSellerOrganizationId":"15188A4E-8A54-47D1-BC44-C0D4BEF9594D",
    "driveTrain":"2WD",
    "originCreatedBy":"System",
    "odometerDigits":"6",
    "interiorColor":"Gray",
    "stateAbbreviation":"NU",
    "systemUuid":"955B2B51-0654-49D4-B1D9-43CDD65D76F1",
    "make":"Ford",
    "exteriorColor":"White",
    "systemWhenCreated":1534857512950,
    "viewAccessGroupList":[116,297],
    "lbViewAccessGroupList": [1,297,566,567,568,569,570,571,572],
    "isCarGroupRunlistEnabled":false,
    "odometerUnitOfMeasure":"kms",
    "fuelType":"Gasoline",
    "series":"XLT",
    "sellerOrganizationName":"FORD MOTOR COMPANY OF CANADA",
    "sellerVehicleCode":"479963",
    "origYear": "17",
    "origDriveTrain": "2 wheel drive",
    "origEngineName": "6 CYLINDER",
    "origExteriorColor": "White",
    "origInteriorColor": "Gray",
    "origMake": "Ford",
    "origModel": "Connect1",
    "origOdometer": "26508",
    "origProcessingLocation": "ADESA Calgary",
    "origTransmission": "Automatic Transmission"
  },
  {
    "//": "Misspelled USA, Make, processing_location - 0003",
    "assetType": "Car/Light Truck",
    "bestOfferAccessGroupList": null,
    "bidAccessGroupList": "332",
    "bodyStyle": null,
    "bodyType": "SUV",
    "buyAccessGroupList": null,
    "carGroupConfigName": "TCCI - Toyota off lease",
    "countryName": "United States",
    "cylinderType": " ",
    "cylinders": "4",
    "displacement": 1.8,
    "displayEmissionCompliance": false,
    "doors": "0",
    "driveTrain": "other",
    "origDriveTrain": "",
    "emissionsStandard": null,
    "engineName": "4 CYLINDER",
    "epaStickers": null,
    "exteriorColor": "Black",
    "fuelType": "GAS",
    "headlightType": null,
    "interiorColor": "Gray",
    "inventoryType": "Off Lease",
    "isActive": true,
    "isAllowProcessingAuction": false,
    "isCarGroupRunlistEnabled": false,
    "listingCategory": null,
    "locationCity": "SAINT JOHN",
    "make": "Volvo",
    "model": "XC90",
    "msrp": null,
    "mytest": "testdata",
    "nwSellerOrganizationId": "1B8D434E-0E3E-4693-9E0D-839E26A25C81",
    "nwVehicleId": "F4D8849D-9843-0003-AE3B-E4F43D7ED441",
    "odometer": 78247,
    "odometerDigits": null,
    "odometerUnitOfMeasure": "KM",
    "openRecall": null,
    "origEngineName": "4 CYLINDERS 1.8",
    "origExteriorColor": "BLACK",
    "origInteriorColor": "GRAY",
    "origMake": "Volv",
    "origModel": "XC90",
    "origOdometer": 78247,
    "origProcessingLocation": "ADESA Indianapoli",
    "origTrim": "Inscriptio",
    "origYear": 2013,
    "originCarGroupConfigId": "965",
    "originCreatedBy": "ADAPPL",
    "originModifiedBy": null,
    "originSellerOrganizationId": "386785",
    "originTimestamp": 1532110741000,
    "originVehicleId": "392020003",
    "origTransmission": "",
    "processingLocation": "ADESA Indianapolis",
    "registrationProvince": "Quebec",
    "roofColor": null,
    "sellerAuctionAccessId": "5999999",
    "sellerModelCode": null,
    "sellerOrganizationName": "Toyota Financial Services",
    "sellerVehicleCode": null,
    "series": "4DR SDN MAN CE",
    "speeds": "5",
    "stateAbbreviation": "NB",
    "systemEvent": "vehicle_added_inventory",
    "systemOrigin": "classic",
    "systemTopic": "nw-inventory-develop",
    "systemTopicKey": "F4D8849D-9843-4723-AE3B-E4F43D7ED441",
    "systemUuid": "F7973AA6-F0B9-40D5-8A15-D4E7D04E7FCE",
    "systemWhenCreated": 1532110747852,
    "titleStatus": null,
    "transmission": "other",
    "trim": "Inscription",
    "truck": null,
    "turbo": 0,
    "vehicleSize": null,
    "vehicleStatus": "Auction",
    "vehicleType": "Off Lease",
    "viewAccessGroupList": [332],
    "vin": "2T1BU4EE6DC000365",
    "warrantyStartDate": null,
    "windowStickerMessage": null,
    "year": 2013,
    "vehicleGrade": "2.9",
    "autoGradeValue": "5.0",
    "gradeType": "autoGradeValue",
    "gradeValue": 5
  },
  {
    "//": "non -automobile test",
    "address": "",
    "assetType": "autem atque eius",
    "bodyStyle": "earum",
    "bodyType": "other",
    "carGroupConfigName": "Bechtelar - Reilly",
    "countryName": "United States",
    "cylinderType": "est",
    "cylinders": "48491",
    "displacement": 13399,
    "displayEmissionCompliance": false,
    "doors": "3",
    "driveTrain": "other",
    "emissionsStandard": "aut omnis eos",
    "engineName": "other",
    "epaStickers": "iure recusandae dolorem",
    "exteriorColor": "other",
    "fuelType": "optio qui in",
    "headlightType": "velit dolorem temporibus",
    "interiorColor": "Orange",
    "inventoryType": "dolore qui ut",
    "isActive": false,
    "isAllowProcessingAuction": true,
    "isCarGroupRunlistEnabled": false,
    "isDealerblock": false,
    "isLiveblock": false,
    "isRunlist": false,
    "listingCategory": "Front Line Ready",
    "locationCity": "Sweden",
    "make": "other",
    "model": "other",
    "msrp": "38988",
    "nwCarGroupConfigId": "",
    "nwSellerOrganizationId": "344F6EA0-19B9-411E-BA70-2C347BE837CE",
    "nwVehicleId": "C6C44D0A-B243-4AB5-82E6-0CDCF21B36B9",
    "odometer": 9054,
    "odometerDigits": "4",
    "odometerUnitOfMeasure": "MI",
    "openRecall": "exercitationem sit vel",
    "origDriveTrain": "sit inventore maxime",
    "origEngineName": "25340reprehenderit vitae molestiae",
    "origExteriorColor": "fuchsia",
    "origInteriorColor": "orange",
    "origMake": "other",
    "origModel": "other",
    "origOdometer": 9054,
    "origProcessingLocation": "Frozen",
    "origTransmission": "adipisci nihil eius",
    "origTrim": "other",
    "origYear": 2081,
    "originCarGroupConfigId": "58164",
    "originCreatedBy": "System",
    "originModifiedBy": "System",
    "originSellerOrganizationId": "38546",
    "originTimestamp": 1537274484168,
    "originVehicleId": "224249512696918",
    "processingLocation": "Frozen",
    "registrationProvince": "",
    "roofColor": "sky blue",
    "sellerAuctionAccessId": "17081",
    "sellerModelCode": "43849nam",
    "sellerOrganizationName": "repellendus",
    "sellerVehicleCode": "93797",
    "series": "accusamus",
    "speeds": "40559",
    "stateAbbreviation": "MA",
    "systemEvent": "vehicle_added_inventory",
    "systemOrigin": "classic",
    "systemTopic": "nw-inventory-develop",
    "systemTopicKey": "C6C44D0A-B243-4AB5-82E6-0CDCF21B36B9",
    "systemUuid": "E2553A98-548A-4E0F-A188-16A4ED0E0B6D",
    "systemWhenCreated": 1537274485912,
    "titleStatus": "non",
    "transmission": "other",
    "trim": "other",
    "truck": "nobis",
    "turbo": 7901,
    "vehicleSize": "eos ea optio",
    "vehicleStatus": "Auction",
    "vehicleType": "qui facilis consectetur",
    "viewAccessGroupList": [66056],
    "vin": "MNFCAXC81I8MIJ9",
    "warrantyStartDate": 1529364001413,
    "year": 2081,
    "zipcode": ""
  },
  {"//": "Misspelled USA, Make, processing_location, odo - 0004",
    "VIN": "2T1BU4EE6DC111965",
    "assetType": "Car/Light Truck",
    "autoGradeValue": "4.5",
    "bestOfferAccessGroupList": null,
    "bidAccessGroupList": "332",
    "bodyStyle": null,
    "bodyType": "Van",
    "buyAccessGroupList": null,
    "carGroupConfigName": "TCCI - Toyota off lease",
    "countryName": "United States",
    "cylinderType": " ",
    "cylinders": "4",
    "displacement": 1.8,
    "displayEmissionCompliance": false,
    "doors": "0",
    "driveTrain": "FWD",
    "emissionsStandard": null,
    "engineName": "4 CYLINDER",
    "epaStickers": null,
    "exteriorColor": "Black",
    "fuelType": "GAS",
    "gradeType": "autoGradeValue",
    "gradeValue": 4.5,
    "headlightType": null,
    "interiorColor": "Gray",
    "inventoryType": "Off Lease",
    "isActive": true,
    "isAllowProcessingAuction": false,
    "isCarGroupRunlistEnabled": false,
    "listingCategory": null,
    "locationCity": "SAINT JOHN",
    "make": "Dodge",
    "model": "Caravan",
    "msrp": null,
    "nwSellerOrganizationId": "1B8D434E-0E3E-4693-9E0D-839E26A25C81",
    "nwVehicleId": "F4D8849D-9843-1001-AE3B-E4F43D7ED441",
    "odometer": 78000,
    "odometerDigits": null,
    "odometerUnitOfMeasure": "KM",
    "openRecall": null,
    "origDriveTrain": "front wheel",
    "origEngineName": "4 CYLINDERS 1.8",
    "origExteriorColor": "BLACK",
    "origInteriorColor": "GRAY",
    "origMake": "Dodge",
    "origModel": "Caravan",
    "origOdometer": "78k",
    "origProcessingLocation": "ADESA Indianapoli",
    "origTransmission": "",
    "origTrim": "SE",
    "origYear": 2013,
    "originCarGroupConfigId": "965",
    "originCreatedBy": "ADAPPL",
    "originModifiedBy": null,
    "originSellerOrganizationId": "386785",
    "originTimestamp": 1532110741000,
    "originVehicleId": "392020001",
    "processingLocation": "ADESA Indianapolis",
    "registrationProvince": "Quebec",
    "roofColor": null,
    "sellerAuctionAccessId": "5999999",
    "sellerModelCode": null,
    "sellerOrganizationName": "Toyota Financial Services",
    "sellerVehicleCode": null,
    "series": "4DR SDN MAN CE",
    "speeds": "5",
    "stateAbbreviation": "NB",
    "systemEvent": "vehicle_added_inventory",
    "systemOrigin": "classic",
    "systemTopic": "nw-inventory-develop",
    "systemTopicKey": "F4D8849D-9843-4723-AE3B-E4F43D7ED441",
    "systemUuid": "F7973AA6-F0B9-40D5-8A15-D4E7D04E7FCE",
    "systemWhenCreated": 1532110747852,
    "titleStatus": null,
    "transmission": "other",
    "trim": "SE",
    "truck": null,
    "turbo": 0,
    "vehicleGrade": "2",
    "vehicleSize": null,
    "vehicleStatus": "Auction",
    "vehicleType": "Off Lease",
    "viewAccessGroupList": [332],
    "warrantyStartDate": null,
    "windowStickerMessage": null,
    "year": 2013
  },
  {
    "//": "Blank trim - 0005, processingLocation missing",
    "nwVehicleId": "F4D8849D-9843-0008-AE3B-E4F43D7ED441",
    "originVehicleId": "392020008",
    "VIN": "2T1BU4EE6DC899965",
    "year": 2013,
    "make": "Acura",
    "model": "CL",
    "series": "4DR SDN MAN CE",
    "bodyStyle": null,
    "trim": "Base",
    "vehicleStatus": "Auction",
    "odometer": 78000,
    "odometerUnitOfMeasure": "KM",
    "interiorColor": "Gray",
    "exteriorColor": "Black",
    "autoGradeValue": "4.5",
    "vehicleGrade": "2",
    "gradeType": "autoGradeValue",
    "gradeValue": 4.5,
    "carGroupConfigName": "TCCI - Toyota off lease",
    "originCarGroupConfigId": "965",
    "nwSellerOrganizationId": "1B8D434E-0E3E-4693-9E0D-839E26A25C81",
    "originSellerOrganizationId": "386785",
    "sellerOrganizationName": "Toyota Financial Services",
    "assetType": "Car/Light Truck",
    "countryName": "United States",
    "cylinderType": " ",
    "displacement": 1.8,
    "cylinders": "4",
    "doors": "0",
    "driveTrain": "FWD",
    "emissionsStandard": null,
    "engineName": "4 CYLINDER",
    "fuelType": "GAS",
    "headlightType": null,
    "inventoryType": "Off Lease",
    "roofColor": null,
    "sellerAuctionAccessId": "5999999",
    "sellerModelCode": null,
    "speeds": "5",
    "transmission": "other",
    "truck": null,
    "turbo": 0,
    "origDriveTrain": "front wheel",
    "vehicleSize": null,
    "vehicleType": "Off Lease",
    "locationCity": "SAINT JOHN",
    "stateAbbreviation": "NB",
    "sellerVehicleCode": null,
    "listingCategory": null,
    "originTimestamp": 1532110741000,
    "originCreatedBy": "ADAPPL",
    "originModifiedBy": null,
    "viewAccessGroupList": [332],
    "bidAccessGroupList": "332",
    "bestOfferAccessGroupList": null,
    "buyAccessGroupList": null,
    "isCarGroupRunlistEnabled": false,
    "windowStickerMessage": null,
    "isActive": true,
    "warrantyStartDate": null,
    "registrationProvince": "Quebec",
    "displayEmissionCompliance": false,
    "isAllowProcessingAuction": false,
    "odometerDigits": null,
    "titleStatus": null,
    "openRecall": null,
    "msrp": null,
    "epaStickers": null,
    "systemUuid": "F7973AA6-F0B9-40D5-8A15-D4E7D04E7FCE",
    "systemOrigin": "classic",
    "systemWhenCreated": 1532110747852,
    "processingLocation": "other",
    "systemTopic": "nw-inventory-develop",
    "systemTopicKey": "F4D8849D-9843-4723-AE3B-E4F43D7ED441",
    "systemEvent": "vehicle_added_inventory",
    "origMake": "Acura",
    "origExteriorColor": "BLACK",
    "origInteriorColor": "GRAY",
    "origEngineName": "4 CYLINDERS 1.8",
    "origProcessingLocation": "",
    "bodyType": "Car",
    "origModel": "CL",
    "origOdometer": "78k",
    "origTrim": "",
    "origYear": 2013,
    "origTransmission": ""
  },
  {
    "//": "Missing trim - 0006, blank processing location",
    "nwVehicleId": "F4D8849D-9843-0009-AE3B-E4F43D7ED441",
    "originVehicleId": "392020009",
    "VIN": "2T1BU4EE6DC869965",
    "year": 2013,
    "make": "Acura",
    "model": "CL",
    "series": "4DR SDN MAN CE",
    "bodyStyle": null,
    "trim": "Base",
    "vehicleStatus": "Auction",
    "odometer": 78000,
    "odometerUnitOfMeasure": "KM",
    "interiorColor": "Gray",
    "exteriorColor": "Black",
    "autoGradeValue": "4.5",
    "vehicleGrade": "2",
    "gradeType": "autoGradeValue",
    "gradeValue": 4.5,
    "carGroupConfigName": "TCCI - Toyota off lease",
    "originCarGroupConfigId": "965",
    "nwSellerOrganizationId": "1B8D434E-0E3E-4693-9E0D-839E26A25C81",
    "originSellerOrganizationId": "386785",
    "sellerOrganizationName": "Toyota Financial Services",
    "assetType": "Car/Light Truck",
    "countryName": "United States",
    "cylinderType": " ",
    "displacement": 1.8,
    "cylinders": "4",
    "doors": "0",
    "driveTrain": "FWD",
    "emissionsStandard": null,
    "engineName": "4 CYLINDER",
    "fuelType": "GAS",
    "headlightType": null,
    "inventoryType": "Off Lease",
    "roofColor": null,
    "sellerAuctionAccessId": "5999999",
    "sellerModelCode": null,
    "speeds": "5",
    "transmission": "other",
    "truck": null,
    "turbo": 0,
    "origDriveTrain": "front wheel",
    "vehicleSize": null,
    "vehicleType": "Off Lease",
    "locationCity": "SAINT JOHN",
    "stateAbbreviation": "NB",
    "sellerVehicleCode": null,
    "listingCategory": null,
    "originTimestamp": 1532110741000,
    "originCreatedBy": "ADAPPL",
    "originModifiedBy": null,
    "viewAccessGroupList": [332],
    "bidAccessGroupList": "332",
    "bestOfferAccessGroupList": null,
    "buyAccessGroupList": null,
    "isCarGroupRunlistEnabled": false,
    "windowStickerMessage": null,
    "isActive": true,
    "warrantyStartDate": null,
    "registrationProvince": "Quebec",
    "displayEmissionCompliance": false,
    "isAllowProcessingAuction": false,
    "odometerDigits": null,
    "titleStatus": null,
    "openRecall": null,
    "msrp": null,
    "epaStickers": null,
    "systemUuid": "F7973AA6-F0B9-40D5-8A15-D4E7D04E7FCE",
    "systemOrigin": "classic",
    "systemWhenCreated": 1532110747852,
    "systemTopic": "nw-inventory-develop",
    "systemTopicKey": "F4D8849D-9843-4723-AE3B-E4F43D7ED441",
    "systemEvent": "vehicle_added_inventory",
    "processingLocation": "other",
    "origMake": "Acura",
    "origExteriorColor": "BLACK",
    "origInteriorColor": "GRAY",
    "origEngineName": "4 CYLINDERS 1.8",
    "origProcessingLocation": "",
    "bodyType": "Car",
    "origModel": "CL",
    "origOdometer": "78k",
    "origTrim": "",
    "origYear": 2013,
    "origTransmission": ""
  },
  {
    "//": "demo",
    "nwVehicleId": "F4D8849D-9843-0010-AE3B-E4F43D7ED441",
    "originVehicleId": "392020010",
    "VIN": "2T1BU4EE6DC100965",
    "year": 12,
    "make": "Honda",
    "model": "Accord",
    "trim": "Base",
    "series": "4DR SDN MAN EX",
    "bodyStyle": null,
    "vehicleStatus": "Auction",
    "odometer": 50000,
    "odometerUnitOfMeasure": "KM",
    "interiorColor": "Gray",
    "exteriorColor": "Black",
    "autoGradeValue": "4.5",
    "vehicleGrade": "2",
    "gradeType": "autoGradeValue",
    "gradeValue": 4.5,
    "carGroupConfigName": "TCCI - Toyota off lease",
    "originCarGroupConfigId": "965",
    "nwSellerOrganizationId": "1B8D434E-0E3E-4693-9E0D-839E26A25C81",
    "originSellerOrganizationId": "386785",
    "sellerOrganizationName": "Toyota Financial Services",
    "assetType": "Car/Light Truck",
    "countryName": "United States",
    "cylinderType": " ",
    "displacement": 2.0,
    "cylinders": "4",
    "doors": "0",
    "driveTrain": "AWD",
    "emissionsStandard": null,
    "engineName": "4 CYLINDER",
    "fuelType": "GAS",
    "headlightType": null,
    "inventoryType": "Off Lease",
    "roofColor": null,
    "sellerAuctionAccessId": "5999999",
    "sellerModelCode": null,
    "speeds": "5",
    "transmission": "Manual",
    "truck": null,
    "turbo": 0,
    "origDriveTrain": "All wheel drive",
    "vehicleSize": null,
    "vehicleType": "Off Lease",
    "locationCity": "SAINT JOHN",
    "stateAbbreviation": "NB",
    "sellerVehicleCode": null,
    "listingCategory": null,
    "originTimestamp": 1532110741000,
    "originCreatedBy": "ADAPPL",
    "originModifiedBy": null,
    "viewAccessGroupList": [332],
    "bidAccessGroupList": "332",
    "bestOfferAccessGroupList": null,
    "buyAccessGroupList": null,
    "isCarGroupRunlistEnabled": false,
    "windowStickerMessage": null,
    "isActive": true,
    "warrantyStartDate": null,
    "registrationProvince": "Quebec",
    "displayEmissionCompliance": false,
    "isAllowProcessingAuction": false,
    "odometerDigits": null,
    "titleStatus": null,
    "openRecall": null,
    "msrp": null,
    "epaStickers": null,
    "systemUuid": "F7973AA6-F0B9-40D5-8A15-D4E7D04E7FCE",
    "systemOrigin": "classic",
    "systemWhenCreated": 1532110747852,
    "systemTopic": "nw-inventory-develop",
    "systemTopicKey": "F4D8849D-9843-4723-AE3B-E4F43D7ED441",
    "systemEvent": "vehicle_added_inventory",
    "processingLocation": "ADESA Indianapolis",
    "origMake": "Hnda",
    "origExteriorColor": "BALTIC BLACK",
    "origInteriorColor": "GRAY",
    "origEngineName": "4 CYLINDERS 2.0",
    "origProcessingLocation": "Indy",
    "bodyType": "Car",
    "origModel": "Acccord",
    "origOdometer": "50k",
    "origTrim": "",
    "origYear": 12,
    "origTransmission": "Manuel"
  }
]